// Jest Snapshot v1, https://goo.gl/fbAQLP

exports[`Organizations renders correctly 1`] = `
<View
  style={
    {
      "backgroundColor": "white",
      "flex": 1,
      "padding": 0,
    }
  }
>
  <View
    style={
      {
        "alignItems": "center",
        "flexDirection": "row",
        "height": 32,
        "justifyContent": "center",
      }
    }
  >
    <View
      accessibilityState={
        {
          "busy": undefined,
          "checked": undefined,
          "disabled": undefined,
          "expanded": undefined,
          "selected": undefined,
        }
      }
      accessibilityValue={
        {
          "max": undefined,
          "min": undefined,
          "now": undefined,
          "text": undefined,
        }
      }
      accessible={true}
      collapsable={false}
      focusable={true}
      onClick={[Function]}
      onResponderGrant={[Function]}
      onResponderMove={[Function]}
      onResponderRelease={[Function]}
      onResponderTerminate={[Function]}
      onResponderTerminationRequest={[Function]}
      onStartShouldSetResponder={[Function]}
      style={
        {
          "opacity": 1,
        }
      }
    >
      <Text
        allowFontScaling={false}
        selectable={false}
        style={
          [
            {
              "color": undefined,
              "fontSize": 30,
            },
            {
              "marginRight": 8,
            },
            {
              "fontFamily": "FontAwesome",
              "fontStyle": "normal",
              "fontWeight": "normal",
            },
            {},
          ]
        }
      >
        
      </Text>
    </View>
    <Text
      style={
        {
          "marginHorizontal": 16,
        }
      }
    >
      3
       / 
      5
    </Text>
    <View
      accessibilityState={
        {
          "busy": undefined,
          "checked": undefined,
          "disabled": undefined,
          "expanded": undefined,
          "selected": undefined,
        }
      }
      accessibilityValue={
        {
          "max": undefined,
          "min": undefined,
          "now": undefined,
          "text": undefined,
        }
      }
      accessible={true}
      collapsable={false}
      focusable={true}
      onClick={[Function]}
      onResponderGrant={[Function]}
      onResponderMove={[Function]}
      onResponderRelease={[Function]}
      onResponderTerminate={[Function]}
      onResponderTerminationRequest={[Function]}
      onStartShouldSetResponder={[Function]}
      style={
        {
          "opacity": 1,
        }
      }
    >
      <Text
        allowFontScaling={false}
        selectable={false}
        style={
          [
            {
              "color": undefined,
              "fontSize": 30,
            },
            {
              "marginRight": 8,
            },
            {
              "fontFamily": "FontAwesome",
              "fontStyle": "normal",
              "fontWeight": "normal",
            },
            {},
          ]
        }
      >
        
      </Text>
    </View>
  </View>
  <RCTScrollView
    data={
      [
        {
          "_links": {
            "animals": {
              "href": "href",
            },
            "self": {
              "href": "href",
            },
          },
          "address": {
            "address1": "123",
            "address2": "456",
            "city": "Beverly Hills",
            "country": "USA",
            "postcode": "90210",
            "state": "CA",
          },
          "adoption": {
            "policy": null,
            "url": null,
          },
          "distance": 10,
          "email": "testorg@testemail.com",
          "hours": {
            "friday": null,
            "monday": null,
            "saturday": null,
            "sunday": null,
            "thursday": null,
            "tuesday": null,
            "wednesday": null,
          },
          "id": "1",
          "mission_statement": null,
          "name": "TestOrgName",
          "phone": "555-555-5555",
          "photos": [
            {
              "full": "full",
              "large": "large",
              "medium": "medium",
              "small": "small",
            },
          ],
          "social_media": {
            "facebook": null,
            "instagram": null,
            "pinterest": null,
            "twitter": null,
            "youtube": null,
          },
          "url": "www.url.com",
          "website": "www.website.com",
        },
      ]
    }
    getItem={[Function]}
    getItemCount={[Function]}
    keyExtractor={[Function]}
    onContentSizeChange={[Function]}
    onLayout={[Function]}
    onMomentumScrollBegin={[Function]}
    onMomentumScrollEnd={[Function]}
    onScroll={[Function]}
    onScrollBeginDrag={[Function]}
    onScrollEndDrag={[Function]}
    removeClippedSubviews={false}
    renderItem={[Function]}
    scrollEventThrottle={0.0001}
    stickyHeaderIndices={[]}
    viewabilityConfigCallbackPairs={[]}
  >
    <View>
      <View
        onFocusCapture={[Function]}
        onLayout={[Function]}
        style={null}
      >
        <View
          accessibilityState={
            {
              "busy": undefined,
              "checked": undefined,
              "disabled": undefined,
              "expanded": undefined,
              "selected": undefined,
            }
          }
          accessibilityValue={
            {
              "max": undefined,
              "min": undefined,
              "now": undefined,
              "text": undefined,
            }
          }
          accessible={true}
          collapsable={false}
          focusable={true}
          onClick={[Function]}
          onResponderGrant={[Function]}
          onResponderMove={[Function]}
          onResponderRelease={[Function]}
          onResponderTerminate={[Function]}
          onResponderTerminationRequest={[Function]}
          onStartShouldSetResponder={[Function]}
          style={
            {
              "alignItems": "center",
              "backgroundColor": "gray",
              "borderRadius": 5,
              "flexDirection": "row",
              "marginBottom": 10,
              "marginHorizontal": 16,
              "opacity": 1,
              "padding": 10,
            }
          }
          testID="Organizations-Org-1"
        >
          <View
            style={
              {
                "marginRight": 10,
              }
            }
          >
            <Text
              allowFontScaling={false}
              selectable={false}
              style={
                [
                  {
                    "color": "white",
                    "fontSize": 20,
                  },
                  {
                    "color": "white",
                    "fontSize": 20,
                  },
                  {
                    "fontFamily": "FontAwesome",
                    "fontStyle": "normal",
                    "fontWeight": "normal",
                  },
                  {},
                ]
              }
            >
              
            </Text>
          </View>
          <View
            style={
              {
                "alignItems": "center",
                "flex": 1,
                "flexDirection": "row",
                "justifyContent": "space-between",
              }
            }
          >
            <View>
              <Text
                style={
                  {
                    "color": "white",
                    "fontSize": 16,
                    "fontWeight": "bold",
                  }
                }
              >
                TestOrgName
              </Text>
              <Text
                style={
                  {
                    "color": "white",
                    "fontSize": 14,
                  }
                }
              >
                Beverly Hills, CA
              </Text>
            </View>
            <Text
              style={
                {
                  "color": "white",
                  "fontSize": 12,
                  "marginLeft": "auto",
                }
              }
            />
          </View>
        </View>
      </View>
    </View>
  </RCTScrollView>
</View>
`;
